// Jest Snapshot v1, https://goo.gl/fbAQLP

exports[`Loading renders correctly 1`] = `
<div
  className="loading"
>
  <h1
    className="text-center"
    data-testid="loading-text"
  >
    Loading...
  </h1>
</div>
`;
